Archive member included to satisfy reference by file (symbol)

C:/ST/STM32CubeIDE_1.17.0/STM32CubeIDE/plugins/com.st.stm32cube.ide.mcu.externaltools.gnu-tools-for-stm32.12.3.rel1.win32_1.1.0.202410251130/tools/bin/../lib/gcc/arm-none-eabi/12.3.1/../../../../arm-none-eabi/lib/thumb/v7e-m+fp/hard\libc_nano.a(libc_a-exit.o)
                              C:/ST/STM32CubeIDE_1.17.0/STM32CubeIDE/plugins/com.st.stm32cube.ide.mcu.externaltools.gnu-tools-for-stm32.12.3.rel1.win32_1.1.0.202410251130/tools/bin/../lib/gcc/arm-none-eabi/12.3.1/../../../../arm-none-eabi/lib/thumb/v7e-m+fp/hard/crt0.o (exit)
C:/ST/STM32CubeIDE_1.17.0/STM32CubeIDE/plugins/com.st.stm32cube.ide.mcu.externaltools.gnu-tools-for-stm32.12.3.rel1.win32_1.1.0.202410251130/tools/bin/../lib/gcc/arm-none-eabi/12.3.1/../../../../arm-none-eabi/lib/thumb/v7e-m+fp/hard\libc_nano.a(libc_a-findfp.o)
                              C:/ST/STM32CubeIDE_1.17.0/STM32CubeIDE/plugins/com.st.stm32cube.ide.mcu.externaltools.gnu-tools-for-stm32.12.3.rel1.win32_1.1.0.202410251130/tools/bin/../lib/gcc/arm-none-eabi/12.3.1/../../../../arm-none-eabi/lib/thumb/v7e-m+fp/hard\libc_nano.a(libc_a-exit.o) (__stdio_exit_handler)
C:/ST/STM32CubeIDE_1.17.0/STM32CubeIDE/plugins/com.st.stm32cube.ide.mcu.externaltools.gnu-tools-for-stm32.12.3.rel1.win32_1.1.0.202410251130/tools/bin/../lib/gcc/arm-none-eabi/12.3.1/../../../../arm-none-eabi/lib/thumb/v7e-m+fp/hard\libc_nano.a(libc_a-fwalk.o)
                              C:/ST/STM32CubeIDE_1.17.0/STM32CubeIDE/plugins/com.st.stm32cube.ide.mcu.externaltools.gnu-tools-for-stm32.12.3.rel1.win32_1.1.0.202410251130/tools/bin/../lib/gcc/arm-none-eabi/12.3.1/../../../../arm-none-eabi/lib/thumb/v7e-m+fp/hard\libc_nano.a(libc_a-findfp.o) (_fwalk_sglue)
C:/ST/STM32CubeIDE_1.17.0/STM32CubeIDE/plugins/com.st.stm32cube.ide.mcu.externaltools.gnu-tools-for-stm32.12.3.rel1.win32_1.1.0.202410251130/tools/bin/../lib/gcc/arm-none-eabi/12.3.1/../../../../arm-none-eabi/lib/thumb/v7e-m+fp/hard\libc_nano.a(libc_a-stdio.o)
                              C:/ST/STM32CubeIDE_1.17.0/STM32CubeIDE/plugins/com.st.stm32cube.ide.mcu.externaltools.gnu-tools-for-stm32.12.3.rel1.win32_1.1.0.202410251130/tools/bin/../lib/gcc/arm-none-eabi/12.3.1/../../../../arm-none-eabi/lib/thumb/v7e-m+fp/hard\libc_nano.a(libc_a-findfp.o) (__sread)
C:/ST/STM32CubeIDE_1.17.0/STM32CubeIDE/plugins/com.st.stm32cube.ide.mcu.externaltools.gnu-tools-for-stm32.12.3.rel1.win32_1.1.0.202410251130/tools/bin/../lib/gcc/arm-none-eabi/12.3.1/../../../../arm-none-eabi/lib/thumb/v7e-m+fp/hard\libc_nano.a(libc_a-memset.o)
                              C:/ST/STM32CubeIDE_1.17.0/STM32CubeIDE/plugins/com.st.stm32cube.ide.mcu.externaltools.gnu-tools-for-stm32.12.3.rel1.win32_1.1.0.202410251130/tools/bin/../lib/gcc/arm-none-eabi/12.3.1/../../../../arm-none-eabi/lib/thumb/v7e-m+fp/hard/crt0.o (memset)
C:/ST/STM32CubeIDE_1.17.0/STM32CubeIDE/plugins/com.st.stm32cube.ide.mcu.externaltools.gnu-tools-for-stm32.12.3.rel1.win32_1.1.0.202410251130/tools/bin/../lib/gcc/arm-none-eabi/12.3.1/../../../../arm-none-eabi/lib/thumb/v7e-m+fp/hard\libc_nano.a(libc_a-closer.o)
                              C:/ST/STM32CubeIDE_1.17.0/STM32CubeIDE/plugins/com.st.stm32cube.ide.mcu.externaltools.gnu-tools-for-stm32.12.3.rel1.win32_1.1.0.202410251130/tools/bin/../lib/gcc/arm-none-eabi/12.3.1/../../../../arm-none-eabi/lib/thumb/v7e-m+fp/hard\libc_nano.a(libc_a-stdio.o) (_close_r)
C:/ST/STM32CubeIDE_1.17.0/STM32CubeIDE/plugins/com.st.stm32cube.ide.mcu.externaltools.gnu-tools-for-stm32.12.3.rel1.win32_1.1.0.202410251130/tools/bin/../lib/gcc/arm-none-eabi/12.3.1/../../../../arm-none-eabi/lib/thumb/v7e-m+fp/hard\libc_nano.a(libc_a-reent.o)
                              C:/ST/STM32CubeIDE_1.17.0/STM32CubeIDE/plugins/com.st.stm32cube.ide.mcu.externaltools.gnu-tools-for-stm32.12.3.rel1.win32_1.1.0.202410251130/tools/bin/../lib/gcc/arm-none-eabi/12.3.1/../../../../arm-none-eabi/lib/thumb/v7e-m+fp/hard\libc_nano.a(libc_a-closer.o) (errno)
C:/ST/STM32CubeIDE_1.17.0/STM32CubeIDE/plugins/com.st.stm32cube.ide.mcu.externaltools.gnu-tools-for-stm32.12.3.rel1.win32_1.1.0.202410251130/tools/bin/../lib/gcc/arm-none-eabi/12.3.1/../../../../arm-none-eabi/lib/thumb/v7e-m+fp/hard\libc_nano.a(libc_a-impure.o)
                              C:/ST/STM32CubeIDE_1.17.0/STM32CubeIDE/plugins/com.st.stm32cube.ide.mcu.externaltools.gnu-tools-for-stm32.12.3.rel1.win32_1.1.0.202410251130/tools/bin/../lib/gcc/arm-none-eabi/12.3.1/../../../../arm-none-eabi/lib/thumb/v7e-m+fp/hard\libc_nano.a(libc_a-reent.o) (_impure_ptr)
C:/ST/STM32CubeIDE_1.17.0/STM32CubeIDE/plugins/com.st.stm32cube.ide.mcu.externaltools.gnu-tools-for-stm32.12.3.rel1.win32_1.1.0.202410251130/tools/bin/../lib/gcc/arm-none-eabi/12.3.1/../../../../arm-none-eabi/lib/thumb/v7e-m+fp/hard\libc_nano.a(libc_a-lseekr.o)
[...]
Memory Configuration

Name             Origin             Length             Attributes
RAM              0x20000000         0x00010000         xrw
FLASH            0x08000000         0x00040000         xr
*default*        0x00000000         0xffffffff

Linker script and memory map

LOAD C:/ST/STM32CubeIDE_1.17.0/STM32CubeIDE/plugins/com.st.stm32cube.ide.mcu.externaltools.gnu-tools-for-stm32.12.3.rel1.win32_1.1.0.202410251130/tools/bin/../lib/gcc/arm-none-eabi/12.3.1/thumb/v7e-m+fp/hard/crti.o
LOAD C:/ST/STM32CubeIDE_1.17.0/STM32CubeIDE/plugins/com.st.stm32cube.ide.mcu.externaltools.gnu-tools-for-stm32.12.3.rel1.win32_1.1.0.202410251130/tools/bin/../lib/gcc/arm-none-eabi/12.3.1/thumb/v7e-m+fp/hard/crtbegin.o
LOAD C:/ST/STM32CubeIDE_1.17.0/STM32CubeIDE/plugins/com.st.stm32cube.ide.mcu.externaltools.gnu-tools-for-stm32.12.3.rel1.win32_1.1.0.202410251130/tools/bin/../lib/gcc/arm-none-eabi/12.3.1/../../../../arm-none-eabi/lib/thumb/v7e-m+fp/hard/crt0.o
LOAD ./Core/Inc/stm32-hal-mcp2515/mcp2515.o
LOAD ./Core/Src/dma.o
LOAD ./Core/Src/gpio.o
LOAD ./Core/Src/main.o
LOAD ./Core/Src/mcp2515user.o
LOAD ./Core/Src/shiftLights.o
LOAD ./Core/Src/spi.o
LOAD ./Core/Src/stm32f4xx_hal_msp.o
LOAD ./Core/Src/stm32f4xx_it.o
LOAD ./Core/Src/syscalls.o
LOAD ./Core/Src/sysmem.o
LOAD ./Core/Src/system_stm32f4xx.o
LOAD ./Core/Src/tim.o
LOAD ./Core/Src/usb_otg.o
LOAD ./Core/Startup/startup_stm32f401ccux.o
LOAD ./Drivers/STM32F4xx_HAL_Driver/stm32f4xx_hal.o
LOAD ./Drivers/STM32F4xx_HAL_Driver/stm32f4xx_hal_cortex.o
LOAD ./Drivers/STM32F4xx_HAL_Driver/stm32f4xx_hal_dma.o
LOAD ./Drivers/STM32F4xx_HAL_Driver/stm32f4xx_hal_dma_ex.o
LOAD ./Drivers/STM32F4xx_HAL_Driver/stm32f4xx_hal_exti.o
LOAD ./Drivers/STM32F4xx_HAL_Driver/stm32f4xx_hal_flash.o
LOAD ./Drivers/STM32F4xx_HAL_Driver/stm32f4xx_hal_flash_ex.o
LOAD ./Drivers/STM32F4xx_HAL_Driver/stm32f4xx_hal_flash_ramfunc.o
LOAD ./Drivers/STM32F4xx_HAL_Driver/stm32f4xx_hal_gpio.o
LOAD ./Drivers/STM32F4xx_HAL_Driver/stm32f4xx_hal_pcd.o
LOAD ./Drivers/STM32F4xx_HAL_Driver/stm32f4xx_hal_pcd_ex.o
LOAD ./Drivers/STM32F4xx_HAL_Driver/stm32f4xx_hal_pwr.o
LOAD ./Drivers/STM32F4xx_HAL_Driver/stm32f4xx_hal_pwr_ex.o
LOAD ./Drivers/STM32F4xx_HAL_Driver/stm32f4xx_hal_rcc.o
LOAD ./Drivers/STM32F4xx_HAL_Driver/stm32f4xx_hal_rcc_ex.o
LOAD ./Drivers/STM32F4xx_HAL_Driver/stm32f4xx_hal_spi.o
LOAD ./Drivers/STM32F4xx_HAL_Driver/stm32f4xx_hal_tim.o
LOAD ./Drivers/STM32F4xx_HAL_Driver/stm32f4xx_hal_tim_ex.o
LOAD ./Drivers/STM32F4xx_HAL_Driver/stm32f4xx_ll_usb.o
START GROUP
LOAD C:/ST/STM32CubeIDE_1.17.0/STM32CubeIDE/plugins/com.st.stm32cube.ide.mcu.externaltools.gnu-tools-for-stm32.12.3.rel1.win32_1.1.0.202410251130/tools/bin/../lib/gcc/arm-none-eabi/12.3.1/../../../../arm-none-eabi/lib/thumb/v7e-m+fp/hard\libstdc++_nano.a
LOAD C:/ST/STM32CubeIDE_1.17.0/STM32CubeIDE/plugins/com.st.stm32cube.ide.mcu.externaltools.gnu-tools-for-stm32.12.3.rel1.win32_1.1.0.202410251130/tools/bin/../lib/gcc/arm-none-eabi/12.3.1/../../../../arm-none-eabi/lib/thumb/v7e-m+fp/hard\libsupc++_nano.a
END GROUP
LOAD C:/ST/STM32CubeIDE_1.17.0/STM32CubeIDE/plugins/com.st.stm32cube.ide.mcu.externaltools.gnu-tools-for-stm32.12.3.rel1.win32_1.1.0.202410251130/tools/bin/../lib/gcc/arm-none-eabi/12.3.1/../../../../arm-none-eabi/lib/thumb/v7e-m+fp/hard\libstdc++_nano.a
LOAD C:/ST/STM32CubeIDE_1.17.0/STM32CubeIDE/plugins/com.st.stm32cube.ide.mcu.externaltools.gnu-tools-for-stm32.12.3.rel1.win32_1.1.0.202410251130/tools/bin/../lib/gcc/arm-none-eabi/12.3.1/../../../../arm-none-eabi/lib/thumb/v7e-m+fp/hard\libm.a
LOAD C:/ST/STM32CubeIDE_1.17.0/STM32CubeIDE/plugins/com.st.stm32cube.ide.mcu.externaltools.gnu-tools-for-stm32.12.3.rel1.win32_1.1.0.202410251130/tools/bin/../lib/gcc/arm-none-eabi/12.3.1/../../../../arm-none-eabi/lib/thumb/v7e-m+fp/hard\libc_nano.a
START GROUP
LOAD C:/ST/STM32CubeIDE_1.17.0/STM32CubeIDE/plugins/com.st.stm32cube.ide.mcu.externaltools.gnu-tools-for-stm32.12.3.rel1.win32_1.1.0.202410251130/tools/bin/../lib/gcc/arm-none-eabi/12.3.1/thumb/v7e-m+fp/hard\libgcc.a
LOAD C:/ST/STM32CubeIDE_1.17.0/STM32CubeIDE/plugins/com.st.stm32cube.ide.mcu.externaltools.gnu-tools-for-stm32.12.3.rel1.win32_1.1.0.202410251130/tools/bin/../lib/gcc/arm-none-eabi/12.3.1/../../../../arm-none-eabi/lib/thumb/v7e-m+fp/hard\libc_nano.a
END GROUP
START GROUP
LOAD C:/ST/STM32CubeIDE_1.17.0/STM32CubeIDE/plugins/com.st.stm32cube.ide.mcu.externaltools.gnu-tools-for-stm32.12.3.rel1.win32_1.1.0.202410251130/tools/bin/../lib/gcc/arm-none-eabi/12.3.1/thumb/v7e-m+fp/hard\libgcc.a
LOAD C:/ST/STM32CubeIDE_1.17.0/STM32CubeIDE/plugins/com.st.stm32cube.ide.mcu.externaltools.gnu-tools-for-stm32.12.3.rel1.win32_1.1.0.202410251130/tools/bin/../lib/gcc/arm-none-eabi/12.3.1/../../../../arm-none-eabi/lib/thumb/v7e-m+fp/hard\libc_nano.a
END GROUP
LOAD C:/ST/STM32CubeIDE_1.17.0/STM32CubeIDE/plugins/com.st.stm32cube.ide.mcu.externaltools.gnu-tools-for-stm32.12.3.rel1.win32_1.1.0.202410251130/tools/bin/../lib/gcc/arm-none-eabi/12.3.1/thumb/v7e-m+fp/hard/crtend.o
LOAD C:/ST/STM32CubeIDE_1.17.0/STM32CubeIDE/plugins/com.st.stm32cube.ide.mcu.externaltools.gnu-tools-for-stm32.12.3.rel1.win32_1.1.0.202410251130/tools/bin/../lib/gcc/arm-none-eabi/12.3.1/thumb/v7e-m+fp/hard/crtn.o
                0x20010000                        _estack = (ORIGIN (RAM) + LENGTH (RAM))
                0x00000200                        _Min_Heap_Size = 0x200
                0x00000400                        _Min_Stack_Size = 0x400

.isr_vector     0x08000000      0x194
                0x08000000                        . = ALIGN (0x4)
 *(.isr_vector)
 .isr_vector    0x08000000      0x194 ./Core/Startup/startup_stm32f401ccux.o
                0x08000000                g_pfnVectors
                0x08000194                        . = ALIGN (0x4)

.text           0x08000194     0x56f0
                0x08000194                        . = ALIGN (0x4)
 *(.text)
 .text          0x08000194       0x40 C:/ST/STM32CubeIDE_1.17.0/STM32CubeIDE/plugins/com.st.stm32cube.ide.mcu.externaltools.gnu-tools-for-stm32.12.3.rel1.win32_1.1.0.202410251130/tools/bin/../lib/gcc/arm-none-eabi/12.3.1/thumb/v7e-m+fp/hard/crtbegin.o
 .text          0x080001d4       0x30 C:/ST/STM32CubeIDE_1.17.0/STM32CubeIDE/plugins/com.st.stm32cube.ide.mcu.externaltools.gnu-tools-for-stm32.12.3.rel1.win32_1.1.0.202410251130/tools/bin/../lib/gcc/arm-none-eabi/12.3.1/thumb/v7e-m+fp/hard\libgcc.a(_aeabi_uldivmod.o)
                0x080001d4                __aeabi_uldivmod
 .text          0x08000204      0x2bc C:/ST/STM32CubeIDE_1.17.0/STM32CubeIDE/plugins/com.st.stm32cube.ide.mcu.externaltools.gnu-tools-for-stm32.12.3.rel1.win32_1.1.0.202410251130/tools/bin/../lib/gcc/arm-none-eabi/12.3.1/thumb/v7e-m+fp/hard\libgcc.a(_udivmoddi4.o)
                0x08000204                __udivmoddi4
 .text          0x080004c0        0x4 C:/ST/STM32CubeIDE_1.17.0/STM32CubeIDE/plugins/com.st.stm32cube.ide.mcu.externaltools.gnu-tools-for-stm32.12.3.rel1.win32_1.1.0.202410251130/tools/bin/../lib/gcc/arm-none-eabi/12.3.1/thumb/v7e-m+fp/hard\libgcc.a(_dvmd_tls.o)
                0x080004c0                __aeabi_idiv0
                0x080004c0                __aeabi_ldiv0
 *(.text*)
 .text._ZN7MCP2515C2EP19__SPI_HandleTypeDefmP12GPIO_TypeDefh
                0x080004c4       0x36 ./Core/Inc/stm32-hal-mcp2515/mcp2515.o
                0x080004c4                MCP2515::MCP2515(__SPI_HandleTypeDef*, unsigned long, GPIO_TypeDef*, unsigned char)
                0x080004c4                MCP2515::MCP2515(__SPI_HandleTypeDef*, unsigned long, GPIO_TypeDef*, unsigned char)
 .text._ZN7MCP25156SPI_TxEh
                0x080004fa       0x24 ./Core/Inc/stm32-hal-mcp2515/mcp2515.o
                0x080004fa                MCP2515::SPI_Tx(unsigned char)
 .text._ZN7MCP25156SPI_RxEv
                0x0800051e       0x24 ./Core/Inc/stm32-hal-mcp2515/mcp2515.o
                0x0800051e                MCP2515::SPI_Rx()
 .text._ZN7MCP25158startSPIEv
                0x08000542       0x20 ./Core/Inc/stm32-hal-mcp2515/mcp2515.o
                0x08000542                MCP2515::startSPI()
 .text._ZN7MCP25156endSPIEv
                0x08000562       0x20 ./Core/Inc/stm32-hal-mcp2515/mcp2515.o
                0x08000562                MCP2515::endSPI()
 *fill*         0x08000582        0x2 
 .text._ZN7MCP25155resetEv
                0x08000584      0x134 ./Core/Inc/stm32-hal-mcp2515/mcp2515.o
                0x08000584                MCP2515::reset()
 .text._ZN7MCP251512readRegisterENS_8REGISTERE
                0x080006b8       0x3e ./Core/Inc/stm32-hal-mcp2515/mcp2515.o
                0x080006b8                MCP2515::readRegister(MCP2515::REGISTER)
 .text._ZN7MCP251513readRegistersENS_8REGISTEREPhh
                0x080006f6       0x5e ./Core/Inc/stm32-hal-mcp2515/mcp2515.o
                0x080006f6                MCP2515::readRegisters(MCP2515::REGISTER, unsigned char*, unsigned char)
 .text._ZN7MCP251511setRegisterENS_8REGISTEREh
                0x08000754       0x40 ./Core/Inc/stm32-hal-mcp2515/mcp2515.o
                0x08000754                MCP2515::setRegister(MCP2515::REGISTER, unsigned char)
 .text._ZN7MCP251512setRegistersENS_8REGISTEREPKhh
                0x08000794       0x5e ./Core/Inc/stm32-hal-mcp2515/mcp2515.o
                0x08000794                MCP2515::setRegisters(MCP2515::REGISTER, unsigned char const*, unsigned char)
 .text._ZN7MCP251514modifyRegisterENS_8REGISTEREhh
                0x080007f2       0x54 ./Core/Inc/stm32-hal-mcp2515/mcp2515.o
                0x080007f2                MCP2515::modifyRegister(MCP2515::REGISTER, unsigned char, unsigned char)
 .text._ZN7MCP25159getStatusEv
                0x08000846       0x30 ./Core/Inc/stm32-hal-mcp2515/mcp2515.o
                0x08000846                MCP2515::getStatus()
 .text._ZN7MCP251513setConfigModeEv
                0x08000876       0x1a ./Core/Inc/stm32-hal-mcp2515/mcp2515.o
                0x08000876                MCP2515::setConfigMode()
 .text._ZN7MCP251513setNormalModeEv
                0x08000890       0x1a ./Core/Inc/stm32-hal-mcp2515/mcp2515.o
                0x08000890                MCP2515::setNormalMode()
 .text._ZN7MCP25157setModeENS_18CANCTRL_REQOP_MODEE
                0x080008aa       0x7e ./Core/Inc/stm32-hal-mcp2515/mcp2515.o
                0x080008aa                MCP2515::setMode(MCP2515::CANCTRL_REQOP_MODE)
 .text._ZN7MCP251510setBitrateE9CAN_SPEED9CAN_CLOCK
                0x08000928      0x398 ./Core/Inc/stm32-hal-mcp2515/mcp2515.o
                0x08000928                MCP2515::setBitrate(CAN_SPEED, CAN_CLOCK)
 .text._ZN7MCP25159prepareIdEPhbm
                0x08000cc0       0xb8 ./Core/Inc/stm32-hal-mcp2515/mcp2515.o
                0x08000cc0                MCP2515::prepareId(unsigned char*, bool, unsigned long)
 .text._ZN7MCP251513setFilterMaskENS_4MASKEbm
                0x08000d78       0x68 ./Core/Inc/stm32-hal-mcp2515/mcp2515.o
                0x08000d78                MCP2515::setFilterMask(MCP2515::MASK, bool, unsigned long)
 .text._ZN7MCP25159setFilterENS_3RXFEbm
                0x08000de0       0x9c ./Core/Inc/stm32-hal-mcp2515/mcp2515.o
                0x08000de0                MCP2515::setFilter(MCP2515::RXF, bool, unsigned long)
 .text._ZN7MCP251511readMessageENS_4RXBnEP9can_frame
                0x08000e7c       0xd8 ./Core/Inc/stm32-hal-mcp2515/mcp2515.o
                0x08000e7c                MCP2515::readMessage(MCP2515::RXBn, can_frame*)
 .text._ZN7MCP251511readMessageEP9can_frame
                0x08000f54       0x56 ./Core/Inc/stm32-hal-mcp2515/mcp2515.o
                0x08000f54                MCP2515::readMessage(can_frame*)
 *fill*         0x08000faa        0x2 
 .text.MX_DMA_Init
                0x08000fac       0x40 ./Core/Src/dma.o
                0x08000fac                MX_DMA_Init
 .text.MX_GPIO_Init
                0x08000fec      0x148 ./Core/Src/gpio.o
                0x08000fec                MX_GPIO_Init
 .text.HAL_GPIO_EXTI_Callback
                0x08001134       0x16 ./Core/Src/gpio.o
                0x08001134                HAL_GPIO_EXTI_Callback
 *fill*         0x0800114a        0x2 
 .text.main     0x0800114c       0x9c ./Core/Src/main.o
                0x0800114c                main
 .text.SystemClock_Config
                0x080011e8       0xd8 ./Core/Src/main.o
                0x080011e8                SystemClock_Config
 .text.Error_Handler
                0x080012c0        0xc ./Core/Src/main.o
                0x080012c0                Error_Handler
 .text.initializeMCP2515
                0x080012cc       0x24 ./Core/Src/mcp2515user.o
                0x080012cc                initializeMCP2515
 .text.readMessage
                0x080012f0       0x20 ./Core/Src/mcp2515user.o
                0x080012f0                readMessage
 .text._Z41__static_initialization_and_destruction_0ii
                0x08001310       0x40 ./Core/Src/mcp2515user.o
 .text._GLOBAL__sub_I_myMCP
                0x08001350       0x10 ./Core/Src/mcp2515user.o
 .text.setColor
                0x08001360       0xf8 ./Core/Src/shiftLights.o
                0x08001360                setColor
 .text.shiftLightsInit
                0x08001458       0xf8 ./Core/Src/shiftLights.o
                0x08001458                shiftLightsInit
 .text.HAL_TIM_PWM_PulseFinishedCallback
                0x08001550       0x28 ./Core/Src/shiftLights.o
                0x08001550                HAL_TIM_PWM_PulseFinishedCallback
 .text.startUp  0x08001578       0xd0 ./Core/Src/shiftLights.o
                0x08001578                startUp
 .text.MX_SPI1_Init
                0x08001648       0x6c ./Core/Src/spi.o
                0x08001648                MX_SPI1_Init
 .text.MX_SPI2_Init
                0x080016b4       0x6c ./Core/Src/spi.o
                0x080016b4                MX_SPI2_Init
 .text.HAL_SPI_MspInit
                0x08001720       0xfc ./Core/Src/spi.o
                0x08001720                HAL_SPI_MspInit
 .text.HAL_MspInit
                0x0800181c       0x50 ./Core/Src/stm32f4xx_hal_msp.o
                0x0800181c                HAL_MspInit
 .text.NMI_Handler
                0x0800186c        0x8 ./Core/Src/stm32f4xx_it.o
                0x0800186c                NMI_Handler
 .text.HardFault_Handler
                0x08001874        0x8 ./Core/Src/stm32f4xx_it.o
                0x08001874                HardFault_Handler
 .text.MemManage_Handler
                0x0800187c        0x8 ./Core/Src/stm32f4xx_it.o
                0x0800187c                MemManage_Handler
 .text.BusFault_Handler
                0x08001884        0x8 ./Core/Src/stm32f4xx_it.o
                0x08001884                BusFault_Handler
 .text.UsageFault_Handler
                0x0800188c        0x8 ./Core/Src/stm32f4xx_it.o
                0x0800188c                UsageFault_Handler
 .text.SVC_Handler
                0x08001894        0xe ./Core/Src/stm32f4xx_it.o
                0x08001894                SVC_Handler
 .text.DebugMon_Handler
                0x080018a2        0xe ./Core/Src/stm32f4xx_it.o
                0x080018a2                DebugMon_Handler
 .text.PendSV_Handler
                0x080018b0        0xe ./Core/Src/stm32f4xx_it.o
                0x080018b0                PendSV_Handler
 .text.SysTick_Handler
                0x080018be        0xc ./Core/Src/stm32f4xx_it.o
                0x080018be                SysTick_Handler
 *fill*         0x080018ca        0x2 
 .text.DMA1_Stream0_IRQHandler
                0x080018cc       0x14 ./Core/Src/stm32f4xx_it.o
                0x080018cc                DMA1_Stream0_IRQHandler
 .text.EXTI9_5_IRQHandler
                0x080018e0       0x18 ./Core/Src/stm32f4xx_it.o
                0x080018e0                EXTI9_5_IRQHandler
 .text.EXTI15_10_IRQHandler
                0x080018f8       0x18 ./Core/Src/stm32f4xx_it.o
                0x080018f8                EXTI15_10_IRQHandler
 .text.SystemInit
                0x08001910       0x24 ./Core/Src/system_stm32f4xx.o
                0x08001910                SystemInit
 .text.MX_TIM4_Init
                0x08001934       0xec ./Core/Src/tim.o
                0x08001934                MX_TIM4_Init
 .text.HAL_TIM_Base_MspInit
                0x08001a20       0xa8 ./Core/Src/tim.o
                0x08001a20                HAL_TIM_Base_MspInit
 .text.HAL_TIM_MspPostInit
                0x08001ac8       0x74 ./Core/Src/tim.o
                0x08001ac8                HAL_TIM_MspPostInit
 .text.MX_USB_OTG_FS_PCD_Init
                0x08001b3c       0x5c ./Core/Src/usb_otg.o
                0x08001b3c                MX_USB_OTG_FS_PCD_Init
 .text.HAL_PCD_MspInit
                0x08001b98       0x98 ./Core/Src/usb_otg.o
                0x08001b98                HAL_PCD_MspInit
 .text.Reset_Handler
                0x08001c30       0x50 ./Core/Startup/startup_stm32f401ccux.o
                0x08001c30                Reset_Handler
 .text.Default_Handler
                0x08001c80        0x2 ./Core/Startup/startup_stm32f401ccux.o
                0x08001c80                RTC_Alarm_IRQHandler
                0x08001c80                EXTI2_IRQHandler
                0x08001c80                SPI4_IRQHandler
                0x08001c80                TIM1_CC_IRQHandler
                0x08001c80                DMA2_Stream5_IRQHandler
                0x08001c80                DMA1_Stream5_IRQHandler
                0x08001c80                PVD_IRQHandler
                0x08001c80                SDIO_IRQHandler
                0x08001c80                TAMP_STAMP_IRQHandler
                0x08001c80                EXTI3_IRQHandler
                0x08001c80                TIM1_UP_TIM10_IRQHandler
                0x08001c80                I2C3_ER_IRQHandler
                0x08001c80                EXTI0_IRQHandler
                0x08001c80                I2C2_EV_IRQHandler
                0x08001c80                DMA1_Stream2_IRQHandler
                0x08001c80                FPU_IRQHandler
                0x08001c80                DMA2_Stream2_IRQHandler
                0x08001c80                SPI1_IRQHandler
                0x08001c80                TIM1_BRK_TIM9_IRQHandler
                0x08001c80                DMA2_Stream3_IRQHandler
                0x08001c80                USART6_IRQHandler
                0x08001c80                DMA2_Stream0_IRQHandler
                0x08001c80                TIM4_IRQHandler
                0x08001c80                I2C1_EV_IRQHandler
                0x08001c80                DMA1_Stream6_IRQHandler
                0x08001c80                DMA1_Stream1_IRQHandler
                0x08001c80                TIM3_IRQHandler
                0x08001c80                RCC_IRQHandler
                0x08001c80                Default_Handler
                0x08001c80                ADC_IRQHandler
                0x08001c80                DMA1_Stream7_IRQHandler
                0x08001c80                TIM5_IRQHandler
                0x08001c80                DMA2_Stream7_IRQHandler
                0x08001c80                I2C3_EV_IRQHandler
                0x08001c80                RTC_WKUP_IRQHandler
                0x08001c80                SPI2_IRQHandler
                0x08001c80                EXTI4_IRQHandler
                0x08001c80                WWDG_IRQHandler
                0x08001c80                TIM2_IRQHandler
                0x08001c80                OTG_FS_WKUP_IRQHandler
                0x08001c80                TIM1_TRG_COM_TIM11_IRQHandler
                0x08001c80                EXTI1_IRQHandler
                0x08001c80                USART2_IRQHandler
                0x08001c80                I2C2_ER_IRQHandler
                0x08001c80                DMA2_Stream1_IRQHandler
                0x08001c80                FLASH_IRQHandler
                0x08001c80                DMA2_Stream4_IRQHandler
                0x08001c80                USART1_IRQHandler
                0x08001c80                OTG_FS_IRQHandler
                0x08001c80                SPI3_IRQHandler
                0x08001c80                DMA1_Stream4_IRQHandler
                0x08001c80                I2C1_ER_IRQHandler
                0x08001c80                DMA2_Stream6_IRQHandler
                0x08001c80                DMA1_Stream3_IRQHandler
 *fill*         0x08001c82        0x2 
 .text.HAL_Init
                0x08001c84       0x44 ./Drivers/STM32F4xx_HAL_Driver/stm32f4xx_hal.o
                0x08001c84                HAL_Init
 .text.HAL_InitTick
                0x08001cc8       0x60 ./Drivers/STM32F4xx_HAL_Driver/stm32f4xx_hal.o
                0x08001cc8                HAL_InitTick
 .text.HAL_IncTick
                0x08001d28       0x28 ./Drivers/STM32F4xx_HAL_Driver/stm32f4xx_hal.o
                0x08001d28                HAL_IncTick
 .text.HAL_GetTick
                0x08001d50       0x18 ./Drivers/STM32F4xx_HAL_Driver/stm32f4xx_hal.o
                0x08001d50                HAL_GetTick
 .text.HAL_Delay
                0x08001d68       0x48 ./Drivers/STM32F4xx_HAL_Driver/stm32f4xx_hal.o
                0x08001d68                HAL_Delay
 .text.__NVIC_SetPriorityGrouping
                0x08001db0       0x48 ./Drivers/STM32F4xx_HAL_Driver/stm32f4xx_hal_cortex.o
 .text.__NVIC_GetPriorityGrouping
                0x08001df8       0x1c ./Drivers/STM32F4xx_HAL_Driver/stm32f4xx_hal_cortex.o
 .text.__NVIC_EnableIRQ
                0x08001e14       0x3c ./Drivers/STM32F4xx_HAL_Driver/stm32f4xx_hal_cortex.o
 .text.__NVIC_SetPriority
                0x08001e50       0x54 ./Drivers/STM32F4xx_HAL_Driver/stm32f4xx_hal_cortex.o
 .text.NVIC_EncodePriority
                0x08001ea4       0x66 ./Drivers/STM32F4xx_HAL_Driver/stm32f4xx_hal_cortex.o
 *fill*         0x08001f0a        0x2 
 .text.SysTick_Config
                0x08001f0c       0x44 ./Drivers/STM32F4xx_HAL_Driver/stm32f4xx_hal_cortex.o
 .text.HAL_NVIC_SetPriorityGrouping
                0x08001f50       0x16 ./Drivers/STM32F4xx_HAL_Driver/stm32f4xx_hal_cortex.o
                0x08001f50                HAL_NVIC_SetPriorityGrouping
 .text.HAL_NVIC_SetPriority
                0x08001f66       0x38 ./Drivers/STM32F4xx_HAL_Driver/stm32f4xx_hal_cortex.o
                0x08001f66                HAL_NVIC_SetPriority
 .text.HAL_NVIC_EnableIRQ
                0x08001f9e       0x1c ./Drivers/STM32F4xx_HAL_Driver/stm32f4xx_hal_cortex.o
                0x08001f9e                HAL_NVIC_EnableIRQ
 .text.HAL_SYSTICK_Config
                0x08001fba       0x18 ./Drivers/STM32F4xx_HAL_Driver/stm32f4xx_hal_cortex.o
                0x08001fba                HAL_SYSTICK_Config
 *fill*         0x08001fd2        0x2 
 .text.HAL_DMA_Init
                0x08001fd4      0x15c ./Drivers/STM32F4xx_HAL_Driver/stm32f4xx_hal_dma.o
                0x08001fd4                HAL_DMA_Init
 .text.HAL_DMA_Start_IT
                0x08002130       0xb0 ./Drivers/STM32F4xx_HAL_Driver/stm32f4xx_hal_dma.o
                0x08002130                HAL_DMA_Start_IT
 .text.HAL_DMA_Abort_IT
                0x080021e0       0x44 ./Drivers/STM32F4xx_HAL_Driver/stm32f4xx_hal_dma.o
                0x080021e0                HAL_DMA_Abort_IT
 .text.HAL_DMA_IRQHandler
                0x08002224      0x314 ./Drivers/STM32F4xx_HAL_Driver/stm32f4xx_hal_dma.o
                0x08002224                HAL_DMA_IRQHandler
 .text.DMA_SetConfig
                0x08002538       0x5c ./Drivers/STM32F4xx_HAL_Driver/stm32f4xx_hal_dma.o
 .text.DMA_CalcBaseAndBitshift
                0x08002594       0x6c ./Drivers/STM32F4xx_HAL_Driver/stm32f4xx_hal_dma.o
 .text.DMA_CheckFifoParam
                0x08002600       0xf8 ./Drivers/STM32F4xx_HAL_Driver/stm32f4xx_hal_dma.o
 .text.HAL_GPIO_Init
                0x080026f8      0x308 ./Drivers/STM32F4xx_HAL_Driver/stm32f4xx_hal_gpio.o
                0x080026f8                HAL_GPIO_Init
 .text.HAL_GPIO_WritePin
                0x08002a00       0x32 ./Drivers/STM32F4xx_HAL_Driver/stm32f4xx_hal_gpio.o
                0x08002a00                HAL_GPIO_WritePin
 *fill*         0x08002a32        0x2 
 .text.HAL_GPIO_EXTI_IRQHandler
                0x08002a34       0x30 ./Drivers/STM32F4xx_HAL_Driver/stm32f4xx_hal_gpio.o
                0x08002a34                HAL_GPIO_EXTI_IRQHandler
 .text.HAL_PCD_Init
                0x08002a64      0x21e ./Drivers/STM32F4xx_HAL_Driver/stm32f4xx_hal_pcd.o
                0x08002a64                HAL_PCD_Init
 *fill*         0x08002c82        0x2 
 .text.HAL_RCC_OscConfig
                0x08002c84      0x4f0 ./Drivers/STM32F4xx_HAL_Driver/stm32f4xx_hal_rcc.o
                0x08002c84                HAL_RCC_OscConfig
 .text.HAL_RCC_ClockConfig
                0x08003174      0x1cc ./Drivers/STM32F4xx_HAL_Driver/stm32f4xx_hal_rcc.o
                0x08003174                HAL_RCC_ClockConfig
 .text.HAL_RCC_GetSysClockFreq
                0x08003340      0x18c ./Drivers/STM32F4xx_HAL_Driver/stm32f4xx_hal_rcc.o
                0x08003340                HAL_RCC_GetSysClockFreq
 .text.HAL_SPI_Init
                0x080034cc      0x112 ./Drivers/STM32F4xx_HAL_Driver/stm32f4xx_hal_spi.o
                0x080034cc                HAL_SPI_Init
 .text.HAL_SPI_Transmit
                0x080035de      0x288 ./Drivers/STM32F4xx_HAL_Driver/stm32f4xx_hal_spi.o
                0x080035de                HAL_SPI_Transmit
 .text.HAL_SPI_Receive
                0x08003866      0x232 ./Drivers/STM32F4xx_HAL_Driver/stm32f4xx_hal_spi.o
                0x08003866                HAL_SPI_Receive
 .text.HAL_SPI_TransmitReceive
                0x08003a98      0x352 ./Drivers/STM32F4xx_HAL_Driver/stm32f4xx_hal_spi.o
                0x08003a98                HAL_SPI_TransmitReceive
 *fill*         0x08003dea        0x2 
 .text.SPI_WaitFlagStateUntilTimeout
                0x08003dec      0x110 ./Drivers/STM32F4xx_HAL_Driver/stm32f4xx_hal_spi.o
 .text.SPI_EndRxTransaction
                0x08003efc       0xca ./Drivers/STM32F4xx_HAL_Driver/stm32f4xx_hal_spi.o
 *fill*         0x08003fc6        0x2 
 .text.SPI_EndRxTxTransaction
                0x08003fc8       0xa8 ./Drivers/STM32F4xx_HAL_Driver/stm32f4xx_hal_spi.o
 .text.HAL_TIM_Base_Init
                0x08004070       0x9e ./Drivers/STM32F4xx_HAL_Driver/stm32f4xx_hal_tim.o
                0x08004070                HAL_TIM_Base_Init
 .text.HAL_TIM_PWM_Init
                0x0800410e       0x9e ./Drivers/STM32F4xx_HAL_Driver/stm32f4xx_hal_tim.o
                0x0800410e                HAL_TIM_PWM_Init
 .text.HAL_TIM_PWM_MspInit
                0x080041ac       0x14 ./Drivers/STM32F4xx_HAL_Driver/stm32f4xx_hal_tim.o
                0x080041ac                HAL_TIM_PWM_MspInit
 .text.HAL_TIM_PWM_Start_DMA
                0x080041c0      0x360 ./Drivers/STM32F4xx_HAL_Driver/stm32f4xx_hal_tim.o
                0x080041c0                HAL_TIM_PWM_Start_DMA
 .text.HAL_TIM_PWM_Stop_DMA
                0x08004520      0x18c ./Drivers/STM32F4xx_HAL_Driver/stm32f4xx_hal_tim.o
                0x08004520                HAL_TIM_PWM_Stop_DMA
 .text.HAL_TIM_PWM_ConfigChannel
                0x080046ac      0x184 ./Drivers/STM32F4xx_HAL_Driver/stm32f4xx_hal_tim.o
                0x080046ac                HAL_TIM_PWM_ConfigChannel
 .text.HAL_TIM_ConfigClockSource
                0x08004830      0x18e ./Drivers/STM32F4xx_HAL_Driver/stm32f4xx_hal_tim.o
                0x08004830                HAL_TIM_ConfigClockSource
 .text.HAL_TIM_PWM_PulseFinishedHalfCpltCallback
                0x080049be       0x14 ./Drivers/STM32F4xx_HAL_Driver/stm32f4xx_hal_tim.o
                0x080049be                HAL_TIM_PWM_PulseFinishedHalfCpltCallback
 .text.HAL_TIM_ErrorCallback
                0x080049d2       0x14 ./Drivers/STM32F4xx_HAL_Driver/stm32f4xx_hal_tim.o
                0x080049d2                HAL_TIM_ErrorCallback
 .text.TIM_DMAError
                0x080049e6       0x92 ./Drivers/STM32F4xx_HAL_Driver/stm32f4xx_hal_tim.o
                0x080049e6                TIM_DMAError
 .text.TIM_DMADelayPulseCplt
                0x08004a78       0xa8 ./Drivers/STM32F4xx_HAL_Driver/stm32f4xx_hal_tim.o
 .text.TIM_DMADelayPulseHalfCplt
                0x08004b20       0x68 ./Drivers/STM32F4xx_HAL_Driver/stm32f4xx_hal_tim.o
                0x08004b20                TIM_DMADelayPulseHalfCplt
 .text.TIM_Base_SetConfig
                0x08004b88      0x118 ./Drivers/STM32F4xx_HAL_Driver/stm32f4xx_hal_tim.o
                0x08004b88                TIM_Base_SetConfig
 .text.TIM_OC1_SetConfig
                0x08004ca0       0xcc ./Drivers/STM32F4xx_HAL_Driver/stm32f4xx_hal_tim.o
 .text.TIM_OC2_SetConfig
                0x08004d6c       0xd8 ./Drivers/STM32F4xx_HAL_Driver/stm32f4xx_hal_tim.o
                0x08004d6c                TIM_OC2_SetConfig
 .text.TIM_OC3_SetConfig
                0x08004e44       0xd4 ./Drivers/STM32F4xx_HAL_Driver/stm32f4xx_hal_tim.o
 .text.TIM_OC4_SetConfig
                0x08004f18       0xa0 ./Drivers/STM32F4xx_HAL_Driver/stm32f4xx_hal_tim.o
 .text.TIM_TI1_ConfigInputStage
                0x08004fb8       0x5e ./Drivers/STM32F4xx_HAL_Driver/stm32f4xx_hal_tim.o
 .text.TIM_TI2_ConfigInputStage
                0x08005016       0x60 ./Drivers/STM32F4xx_HAL_Driver/stm32f4xx_hal_tim.o
 .text.TIM_ITRx_SetConfig
                0x08005076       0x36 ./Drivers/STM32F4xx_HAL_Driver/stm32f4xx_hal_tim.o
 .text.TIM_ETR_SetConfig
                0x080050ac       0x40 ./Drivers/STM32F4xx_HAL_Driver/stm32f4xx_hal_tim.o
                0x080050ac                TIM_ETR_SetConfig
 .text.TIM_CCxChannelCmd
                0x080050ec       0x4a ./Drivers/STM32F4xx_HAL_Driver/stm32f4xx_hal_tim.o
                0x080050ec                TIM_CCxChannelCmd
 *fill*         0x08005136        0x2 
 .text.HAL_TIMEx_MasterConfigSynchronization
                0x08005138       0xdc ./Drivers/STM32F4xx_HAL_Driver/stm32f4xx_hal_tim_ex.o
                0x08005138                HAL_TIMEx_MasterConfigSynchronization
 .text.USB_CoreInit
                0x08005214       0xc8 ./Drivers/STM32F4xx_HAL_Driver/stm32f4xx_ll_usb.o
                0x08005214                USB_CoreInit
 .text.USB_DisableGlobalInt
                0x080052dc       0x22 ./Drivers/STM32F4xx_HAL_Driver/stm32f4xx_ll_usb.o
                0x080052dc                USB_DisableGlobalInt
 .text.USB_SetCurrentMode
                0x080052fe       0x98 ./Drivers/STM32F4xx_HAL_Driver/stm32f4xx_ll_usb.o
                0x080052fe                USB_SetCurrentMode
 *fill*         0x08005396        0x2 
 .text.USB_DevInit
                0x08005398      0x2c8 ./Drivers/STM32F4xx_HAL_Driver/stm32f4xx_ll_usb.o
                0x08005398                USB_DevInit
 .text.USB_FlushTxFifo
                0x08005660       0x64 ./Drivers/STM32F4xx_HAL_Driver/stm32f4xx_ll_usb.o
                0x08005660                USB_FlushTxFifo
 .text.USB_FlushRxFifo
                0x080056c4       0x5c ./Drivers/STM32F4xx_HAL_Driver/stm32f4xx_ll_usb.o
                0x080056c4                USB_FlushRxFifo
 .text.USB_SetDevSpeed
                0x08005720       0x32 ./Drivers/STM32F4xx_HAL_Driver/stm32f4xx_ll_usb.o
                0x08005720                USB_SetDevSpeed
 .text.USB_DevDisconnect
                0x08005752       0x42 ./Drivers/STM32F4xx_HAL_Driver/stm32f4xx_ll_usb.o
                0x08005752                USB_DevDisconnect
 .text.USB_GetMode
                0x08005794       0x1c ./Drivers/STM32F4xx_HAL_Driver/stm32f4xx_ll_usb.o
                0x08005794                USB_GetMode
 .text.USB_CoreReset
                0x080057b0       0x62 ./Drivers/STM32F4xx_HAL_Driver/stm32f4xx_ll_usb.o
 .text.memset   0x08005812       0x10 C:/ST/STM32CubeIDE_1.17.0/STM32CubeIDE/plugins/com.st.stm32cube.ide.mcu.externaltools.gnu-tools-for-stm32.12.3.rel1.win32_1.1.0.202410251130/tools/bin/../lib/gcc/arm-none-eabi/12.3.1/../../../../arm-none-eabi/lib/thumb/v7e-m+fp/hard\libc_nano.a(libc_a-memset.o)
                0x08005812                memset
 *fill*         0x08005822        0x2 
 .text.__libc_init_array
                0x08005824       0x48 C:/ST/STM32CubeIDE_1.17.0/STM32CubeIDE/plugins/com.st.stm32cube.ide.mcu.externaltools.gnu-tools-for-stm32.12.3.rel1.win32_1.1.0.202410251130/tools/bin/../lib/gcc/arm-none-eabi/12.3.1/../../../../arm-none-eabi/lib/thumb/v7e-m+fp/hard\libc_nano.a(libc_a-init.o)
                0x08005824                __libc_init_array
 *(.glue_7)
 .glue_7        0x0800586c        0x0 linker stubs
 *(.glue_7t)
 .glue_7t       0x0800586c        0x0 linker stubs
 *(.eh_frame)
 .eh_frame      0x0800586c        0x0 C:/ST/STM32CubeIDE_1.17.0/STM32CubeIDE/plugins/com.st.stm32cube.ide.mcu.externaltools.gnu-tools-for-stm32.12.3.rel1.win32_1.1.0.202410251130/tools/bin/../lib/gcc/arm-none-eabi/12.3.1/thumb/v7e-m+fp/hard/crtbegin.o
 *(.init)
 .init          0x0800586c        0x4 C:/ST/STM32CubeIDE_1.17.0/STM32CubeIDE/plugins/com.st.stm32cube.ide.mcu.externaltools.gnu-tools-for-stm32.12.3.rel1.win32_1.1.0.202410251130/tools/bin/../lib/gcc/arm-none-eabi/12.3.1/thumb/v7e-m+fp/hard/crti.o
                0x0800586c                _init
 .init          0x08005870        0x8 C:/ST/STM32CubeIDE_1.17.0/STM32CubeIDE/plugins/com.st.stm32cube.ide.mcu.externaltools.gnu-tools-for-stm32.12.3.rel1.win32_1.1.0.202410251130/tools/bin/../lib/gcc/arm-none-eabi/12.3.1/thumb/v7e-m+fp/hard/crtn.o
 *(.fini)
 .fini          0x08005878        0x4 C:/ST/STM32CubeIDE_1.17.0/STM32CubeIDE/plugins/com.st.stm32cube.ide.mcu.externaltools.gnu-tools-for-stm32.12.3.rel1.win32_1.1.0.202410251130/tools/bin/../lib/gcc/arm-none-eabi/12.3.1/thumb/v7e-m+fp/hard/crti.o
                0x08005878                _fini
 .fini          0x0800587c        0x8 C:/ST/STM32CubeIDE_1.17.0/STM32CubeIDE/plugins/com.st.stm32cube.ide.mcu.externaltools.gnu-tools-for-stm32.12.3.rel1.win32_1.1.0.202410251130/tools/bin/../lib/gcc/arm-none-eabi/12.3.1/thumb/v7e-m+fp/hard/crtn.o
                0x08005884                        . = ALIGN (0x4)
                0x08005884                        _etext = .

.vfp11_veneer   0x08005884        0x0
 .vfp11_veneer  0x08005884        0x0 linker stubs

.v4_bx          0x08005884        0x0
 .v4_bx         0x08005884        0x0 linker stubs

.iplt           0x08005884        0x0
 .iplt          0x08005884        0x0 C:/ST/STM32CubeIDE_1.17.0/STM32CubeIDE/plugins/com.st.stm32cube.ide.mcu.externaltools.gnu-tools-for-stm32.12.3.rel1.win32_1.1.0.202410251130/tools/bin/../lib/gcc/arm-none-eabi/12.3.1/thumb/v7e-m+fp/hard/crtbegin.o

.rodata         0x08005884       0x2c
                0x08005884                        . = ALIGN (0x4)
 *(.rodata)
 .rodata        0x08005884        0xb ./Core/Inc/stm32-hal-mcp2515/mcp2515.o
 *(.rodata*)
 *fill*         0x0800588f        0x1 
 .rodata._ZN7MCP25153RXBE
                0x08005890        0x8 ./Core/Inc/stm32-hal-mcp2515/mcp2515.o
                0x08005890                MCP2515::RXB
 .rodata.AHBPrescTable
                0x08005898       0x10 ./Core/Src/system_stm32f4xx.o
                0x08005898                AHBPrescTable
 .rodata.flagBitshiftOffset.0
                0x080058a8        0x8 ./Drivers/STM32F4xx_HAL_Driver/stm32f4xx_hal_dma.o
                0x080058b0                        . = ALIGN (0x4)

.ARM.extab      0x080058b0        0x0
                0x080058b0                        . = ALIGN (0x4)
 *(.ARM.extab* .gnu.linkonce.armextab.*)
                0x080058b0                        . = ALIGN (0x4)

.ARM            0x080058b0        0x8
                0x080058b0                        . = ALIGN (0x4)
                0x080058b0                        __exidx_start = .
 *(.ARM.exidx*)
 .ARM.exidx     0x080058b0        0x8 C:/ST/STM32CubeIDE_1.17.0/STM32CubeIDE/plugins/com.st.stm32cube.ide.mcu.externaltools.gnu-tools-for-stm32.12.3.rel1.win32_1.1.0.202410251130/tools/bin/../lib/gcc/arm-none-eabi/12.3.1/thumb/v7e-m+fp/hard\libgcc.a(_udivmoddi4.o)
                0x080058b8                        __exidx_end = .
                0x080058b8                        . = ALIGN (0x4)

.preinit_array  0x080058b8        0x0
                0x080058b8                        . = ALIGN (0x4)
                0x080058b8                        PROVIDE (__preinit_array_start = .)
 *(.preinit_array*)
                0x080058b8                        PROVIDE (__preinit_array_end = .)
                0x080058b8                        . = ALIGN (0x4)

.init_array     0x080058b8        0x8
                0x080058b8                        . = ALIGN (0x4)
                0x080058b8                        PROVIDE (__init_array_start = .)
 *(SORT_BY_NAME(.init_array.*))
 *(.init_array*)
 .init_array    0x080058b8        0x4 C:/ST/STM32CubeIDE_1.17.0/STM32CubeIDE/plugins/com.st.stm32cube.ide.mcu.externaltools.gnu-tools-for-stm32.12.3.rel1.win32_1.1.0.202410251130/tools/bin/../lib/gcc/arm-none-eabi/12.3.1/thumb/v7e-m+fp/hard/crtbegin.o
 .init_array    0x080058bc        0x4 ./Core/Src/mcp2515user.o
                0x080058c0                        PROVIDE (__init_array_end = .)
                0x080058c0                        . = ALIGN (0x4)

.fini_array     0x080058c0        0x4
                0x080058c0                        . = ALIGN (0x4)
                [!provide]                        PROVIDE (__fini_array_start = .)
 *(SORT_BY_NAME(.fini_array.*))
 *(.fini_array*)
 .fini_array    0x080058c0        0x4 C:/ST/STM32CubeIDE_1.17.0/STM32CubeIDE/plugins/com.st.stm32cube.ide.mcu.externaltools.gnu-tools-for-stm32.12.3.rel1.win32_1.1.0.202410251130/tools/bin/../lib/gcc/arm-none-eabi/12.3.1/thumb/v7e-m+fp/hard/crtbegin.o
                [!provide]                        PROVIDE (__fini_array_end = .)
                0x080058c4                        . = ALIGN (0x4)
                0x080058c4                        _sidata = LOADADDR (.data)

.rel.dyn        0x080058c4        0x0
 .rel.iplt      0x080058c4        0x0 C:/ST/STM32CubeIDE_1.17.0/STM32CubeIDE/plugins/com.st.stm32cube.ide.mcu.externaltools.gnu-tools-for-stm32.12.3.rel1.win32_1.1.0.202410251130/tools/bin/../lib/gcc/arm-none-eabi/12.3.1/thumb/v7e-m+fp/hard/crtbegin.o

.data           0x20000000        0xc load address 0x080058c4
                0x20000000                        . = ALIGN (0x4)
                0x20000000                        _sdata = .
 *(.data)
 *(.data*)
 .data.SystemCoreClock
                0x20000000        0x4 ./Core/Src/system_stm32f4xx.o
                0x20000000                SystemCoreClock
 .data.uwTickPrio
                0x20000004        0x4 ./Drivers/STM32F4xx_HAL_Driver/stm32f4xx_hal.o
                0x20000004                uwTickPrio
 .data.uwTickFreq
                0x20000008        0x1 ./Drivers/STM32F4xx_HAL_Driver/stm32f4xx_hal.o
                0x20000008                uwTickFreq
 *(.RamFunc)
 *(.RamFunc*)
                0x2000000c                        . = ALIGN (0x4)
 *fill*         0x20000009        0x3 
                0x2000000c                        _edata = .

.igot.plt       0x2000000c        0x0 load address 0x080058d0
 .igot.plt      0x2000000c        0x0 C:/ST/STM32CubeIDE_1.17.0/STM32CubeIDE/plugins/com.st.stm32cube.ide.mcu.externaltools.gnu-tools-for-stm32.12.3.rel1.win32_1.1.0.202410251130/tools/bin/../lib/gcc/arm-none-eabi/12.3.1/thumb/v7e-m+fp/hard/crtbegin.o
                0x2000000c                        . = ALIGN (0x4)

.bss            0x2000000c      0x670 load address 0x080058d0
                0x2000000c                        _sbss = .
                0x2000000c                        __bss_start__ = _sbss
 *(.bss)
 .bss           0x2000000c       0x1c C:/ST/STM32CubeIDE_1.17.0/STM32CubeIDE/plugins/com.st.stm32cube.ide.mcu.externaltools.gnu-tools-for-stm32.12.3.rel1.win32_1.1.0.202410251130/tools/bin/../lib/gcc/arm-none-eabi/12.3.1/thumb/v7e-m+fp/hard/crtbegin.o
 *(.bss*)
 .bss.myMCP     0x20000028       0x10 ./Core/Src/mcp2515user.o
                0x20000028                myMCP
 .bss.datasentflag
                0x20000038        0x4 ./Core/Src/shiftLights.o
                0x20000038                datasentflag
 .bss.hspi1     0x2000003c       0x58 ./Core/Src/spi.o
                0x2000003c                hspi1
 .bss.hspi2     0x20000094       0x58 ./Core/Src/spi.o
                0x20000094                hspi2
 .bss.htim4     0x200000ec       0x48 ./Core/Src/tim.o
                0x200000ec                htim4
 .bss.hdma_tim4_ch1
                0x20000134       0x60 ./Core/Src/tim.o
                0x20000134                hdma_tim4_ch1
 .bss.hpcd_USB_OTG_FS
                0x20000194      0x4e4 ./Core/Src/usb_otg.o
                0x20000194                hpcd_USB_OTG_FS
 .bss.uwTick    0x20000678        0x4 ./Drivers/STM32F4xx_HAL_Driver/stm32f4xx_hal.o
                0x20000678                uwTick
 *(COMMON)
                0x2000067c                        . = ALIGN (0x4)
                0x2000067c                        _ebss = .
                0x2000067c                        __bss_end__ = _ebss

._user_heap_stack
                0x2000067c      0x604 load address 0x080058d0
                0x20000680                        . = ALIGN (0x8)
 *fill*         0x2000067c        0x4 
                [!provide]                        PROVIDE (end = .)
                0x20000680                        PROVIDE (_end = .)
                0x20000880                        . = (. + _Min_Heap_Size)
 *fill*         0x20000680      0x200 
                0x20000c80                        . = (. + _Min_Stack_Size)
 *fill*         0x20000880      0x400 
                0x20000c80                        . = ALIGN (0x8)

/DISCARD/
 libc.a(*)
 libm.a(*)
 libgcc.a(*)

.ARM.attributes
                0x00000000       0x30
 *(.ARM.attributes)
 .ARM.attributes
                0x00000000       0x22 C:/ST/STM32CubeIDE_1.17.0/STM32CubeIDE/plugins/com.st.stm32cube.ide.mcu.externaltools.gnu-tools-for-stm32.12.3.rel1.win32_1.1.0.202410251130/tools/bin/../lib/gcc/arm-none-eabi/12.3.1/thumb/v7e-m+fp/hard/crti.o
 .ARM.attributes
                0x00000022       0x34 C:/ST/STM32CubeIDE_1.17.0/STM32CubeIDE/plugins/com.st.stm32cube.ide.mcu.externaltools.gnu-tools-for-stm32.12.3.rel1.win32_1.1.0.202410251130/tools/bin/../lib/gcc/arm-none-eabi/12.3.1/thumb/v7e-m+fp/hard/crtbegin.o
 .ARM.attributes
                0x00000056       0x34 ./Core/Inc/stm32-hal-mcp2515/mcp2515.o
 .ARM.attributes
                0x0000008a       0x34 ./Core/Src/dma.o
 .ARM.attributes
                0x000000be       0x34 ./Core/Src/gpio.o
 .ARM.attributes
                0x000000f2       0x34 ./Core/Src/main.o
 .ARM.attributes
                0x00000126       0x34 ./Core/Src/mcp2515user.o
 .ARM.attributes
                0x0000015a       0x34 ./Core/Src/shiftLights.o
 .ARM.attributes
                0x0000018e       0x34 ./Core/Src/spi.o
 .ARM.attributes
                0x000001c2       0x34 ./Core/Src/stm32f4xx_hal_msp.o
 .ARM.attributes
                0x000001f6       0x34 ./Core/Src/stm32f4xx_it.o
 .ARM.attributes
                0x0000022a       0x34 ./Core/Src/system_stm32f4xx.o
 .ARM.attributes
                0x0000025e       0x34 ./Core/Src/tim.o
 .ARM.attributes
                0x00000292       0x34 ./Core/Src/usb_otg.o
 .ARM.attributes
                0x000002c6       0x21 ./Core/Startup/startup_stm32f401ccux.o
 .ARM.attributes
                0x000002e7       0x34 ./Drivers/STM32F4xx_HAL_Driver/stm32f4xx_hal.o
 .ARM.attributes
                0x0000031b       0x34 ./Drivers/STM32F4xx_HAL_Driver/stm32f4xx_hal_cortex.o
 .ARM.attributes
                0x0000034f       0x34 ./Drivers/STM32F4xx_HAL_Driver/stm32f4xx_hal_dma.o
 .ARM.attributes
                0x00000383       0x34 ./Drivers/STM32F4xx_HAL_Driver/stm32f4xx_hal_gpio.o
 .ARM.attributes
                0x000003b7       0x34 ./Drivers/STM32F4xx_HAL_Driver/stm32f4xx_hal_pcd.o
 .ARM.attributes
                0x000003eb       0x34 ./Drivers/STM32F4xx_HAL_Driver/stm32f4xx_hal_rcc.o
 .ARM.attributes
                0x0000041f       0x34 ./Drivers/STM32F4xx_HAL_Driver/stm32f4xx_hal_spi.o
 .ARM.attributes
                0x00000453       0x34 ./Drivers/STM32F4xx_HAL_Driver/stm32f4xx_hal_tim.o
 .ARM.attributes
                0x00000487       0x34 ./Drivers/STM32F4xx_HAL_Driver/stm32f4xx_hal_tim_ex.o
 .ARM.attributes
                0x000004bb       0x34 ./Drivers/STM32F4xx_HAL_Driver/stm32f4xx_ll_usb.o
 .ARM.attributes
                0x000004ef       0x34 C:/ST/STM32CubeIDE_1.17.0/STM32CubeIDE/plugins/com.st.stm32cube.ide.mcu.externaltools.gnu-tools-for-stm32.12.3.rel1.win32_1.1.0.202410251130/tools/bin/../lib/gcc/arm-none-eabi/12.3.1/../../../../arm-none-eabi/lib/thumb/v7e-m+fp/hard\libc_nano.a(libc_a-memset.o)
 .ARM.attributes
                0x00000523       0x34 C:/ST/STM32CubeIDE_1.17.0/STM32CubeIDE/plugins/com.st.stm32cube.ide.mcu.externaltools.gnu-tools-for-stm32.12.3.rel1.win32_1.1.0.202410251130/tools/bin/../lib/gcc/arm-none-eabi/12.3.1/../../../../arm-none-eabi/lib/thumb/v7e-m+fp/hard\libc_nano.a(libc_a-init.o)
 .ARM.attributes
                0x00000557       0x22 C:/ST/STM32CubeIDE_1.17.0/STM32CubeIDE/plugins/com.st.stm32cube.ide.mcu.externaltools.gnu-tools-for-stm32.12.3.rel1.win32_1.1.0.202410251130/tools/bin/../lib/gcc/arm-none-eabi/12.3.1/thumb/v7e-m+fp/hard\libgcc.a(_aeabi_uldivmod.o)
 .ARM.attributes
                0x00000579       0x34 C:/ST/STM32CubeIDE_1.17.0/STM32CubeIDE/plugins/com.st.stm32cube.ide.mcu.externaltools.gnu-tools-for-stm32.12.3.rel1.win32_1.1.0.202410251130/tools/bin/../lib/gcc/arm-none-eabi/12.3.1/thumb/v7e-m+fp/hard\libgcc.a(_udivmoddi4.o)
 .ARM.attributes
                0x000005ad       0x22 C:/ST/STM32CubeIDE_1.17.0/STM32CubeIDE/plugins/com.st.stm32cube.ide.mcu.externaltools.gnu-tools-for-stm32.12.3.rel1.win32_1.1.0.202410251130/tools/bin/../lib/gcc/arm-none-eabi/12.3.1/thumb/v7e-m+fp/hard\libgcc.a(_dvmd_tls.o)
 .ARM.attributes
                0x000005cf       0x22 C:/ST/STM32CubeIDE_1.17.0/STM32CubeIDE/plugins/com.st.stm32cube.ide.mcu.externaltools.gnu-tools-for-stm32.12.3.rel1.win32_1.1.0.202410251130/tools/bin/../lib/gcc/arm-none-eabi/12.3.1/thumb/v7e-m+fp/hard/crtn.o
OUTPUT(Display_STM32.elf elf32-littlearm)
LOAD linker stubs
LOAD C:/ST/STM32CubeIDE_1.17.0/STM32CubeIDE/plugins/com.st.stm32cube.ide.mcu.externaltools.gnu-tools-for-stm32.12.3.rel1.win32_1.1.0.202410251130/tools/bin/../lib/gcc/arm-none-eabi/12.3.1/../../../../arm-none-eabi/lib/thumb/v7e-m+fp/hard\libc.a
LOAD C:/ST/STM32CubeIDE_1.17.0/STM32CubeIDE/plugins/com.st.stm32cube.ide.mcu.externaltools.gnu-tools-for-stm32.12.3.rel1.win32_1.1.0.202410251130/tools/bin/../lib/gcc/arm-none-eabi/12.3.1/../../../../arm-none-eabi/lib/thumb/v7e-m+fp/hard\libm.a
LOAD C:/ST/STM32CubeIDE_1.17.0/STM32CubeIDE/plugins/com.st.stm32cube.ide.mcu.externaltools.gnu-tools-for-stm32.12.3.rel1.win32_1.1.0.202410251130/tools/bin/../lib/gcc/arm-none-eabi/12.3.1/thumb/v7e-m+fp/hard\libgcc.a

.debug_info     0x00000000    0x131ab
 .debug_info    0x00000000     0x210d ./Core/Inc/stm32-hal-mcp2515/mcp2515.o
 .debug_info    0x0000210d      0x446 ./Core/Src/dma.o
 .debug_info    0x00002553      0x623 ./Core/Src/gpio.o
 .debug_info    0x00002b76      0xc4c ./Core/Src/main.o
 .debug_info    0x000037c2     0x130c ./Core/Src/mcp2515user.o
 .debug_info    0x00004ace      0xa0c ./Core/Src/shiftLights.o
 .debug_info    0x000054da      0x9df ./Core/Src/spi.o
 .debug_info    0x00005eb9      0x298 ./Core/Src/stm32f4xx_hal_msp.o
 .debug_info    0x00006151      0x410 ./Core/Src/stm32f4xx_it.o
 .debug_info    0x00006561      0x53e ./Core/Src/system_stm32f4xx.o
 .debug_info    0x00006a9f      0xc55 ./Core/Src/tim.o
 .debug_info    0x000076f4      0x962 ./Core/Src/usb_otg.o
 .debug_info    0x00008056       0x30 ./Core/Startup/startup_stm32f401ccux.o
 .debug_info    0x00008086      0x8bb ./Drivers/STM32F4xx_HAL_Driver/stm32f4xx_hal.o
 .debug_info    0x00008941      0xcf6 ./Drivers/STM32F4xx_HAL_Driver/stm32f4xx_hal_cortex.o
 .debug_info    0x00009637      0x8e6 ./Drivers/STM32F4xx_HAL_Driver/stm32f4xx_hal_dma.o
 .debug_info    0x00009f1d      0x6f9 ./Drivers/STM32F4xx_HAL_Driver/stm32f4xx_hal_gpio.o
 .debug_info    0x0000a616     0x1577 ./Drivers/STM32F4xx_HAL_Driver/stm32f4xx_hal_pcd.o
 .debug_info    0x0000bb8d      0x8f1 ./Drivers/STM32F4xx_HAL_Driver/stm32f4xx_hal_rcc.o
 .debug_info    0x0000c47e     0x1530 ./Drivers/STM32F4xx_HAL_Driver/stm32f4xx_hal_spi.o
 .debug_info    0x0000d9ae     0x2996 ./Drivers/STM32F4xx_HAL_Driver/stm32f4xx_hal_tim.o
 .debug_info    0x00010344     0x14d4 ./Drivers/STM32F4xx_HAL_Driver/stm32f4xx_hal_tim_ex.o
 .debug_info    0x00011818     0x1993 ./Drivers/STM32F4xx_HAL_Driver/stm32f4xx_ll_usb.o

.debug_abbrev   0x00000000     0x31e8
 .debug_abbrev  0x00000000      0x474 ./Core/Inc/stm32-hal-mcp2515/mcp2515.o
 .debug_abbrev  0x00000474      0x10e ./Core/Src/dma.o
 .debug_abbrev  0x00000582      0x19f ./Core/Src/gpio.o
 .debug_abbrev  0x00000721      0x2b8 ./Core/Src/main.o
 .debug_abbrev  0x000009d9      0x351 ./Core/Src/mcp2515user.o
 .debug_abbrev  0x00000d2a      0x221 ./Core/Src/shiftLights.o
 .debug_abbrev  0x00000f4b      0x1fe ./Core/Src/spi.o
 .debug_abbrev  0x00001149       0xd8 ./Core/Src/stm32f4xx_hal_msp.o
 .debug_abbrev  0x00001221      0x14d ./Core/Src/stm32f4xx_it.o
 .debug_abbrev  0x0000136e      0x11a ./Core/Src/system_stm32f4xx.o
 .debug_abbrev  0x00001488      0x211 ./Core/Src/tim.o
 .debug_abbrev  0x00001699      0x219 ./Core/Src/usb_otg.o
 .debug_abbrev  0x000018b2       0x24 ./Core/Startup/startup_stm32f401ccux.o
 .debug_abbrev  0x000018d6      0x24b ./Drivers/STM32F4xx_HAL_Driver/stm32f4xx_hal.o
 .debug_abbrev  0x00001b21      0x31d ./Drivers/STM32F4xx_HAL_Driver/stm32f4xx_hal_cortex.o
 .debug_abbrev  0x00001e3e      0x221 ./Drivers/STM32F4xx_HAL_Driver/stm32f4xx_hal_dma.o
 .debug_abbrev  0x0000205f      0x1d3 ./Drivers/STM32F4xx_HAL_Driver/stm32f4xx_hal_gpio.o
 .debug_abbrev  0x00002232      0x2b6 ./Drivers/STM32F4xx_HAL_Driver/stm32f4xx_hal_pcd.o
 .debug_abbrev  0x000024e8      0x2b6 ./Drivers/STM32F4xx_HAL_Driver/stm32f4xx_hal_rcc.o
 .debug_abbrev  0x0000279e      0x276 ./Drivers/STM32F4xx_HAL_Driver/stm32f4xx_hal_spi.o
 .debug_abbrev  0x00002a14      0x28b ./Drivers/STM32F4xx_HAL_Driver/stm32f4xx_hal_tim.o
 .debug_abbrev  0x00002c9f      0x296 ./Drivers/STM32F4xx_HAL_Driver/stm32f4xx_hal_tim_ex.o
 .debug_abbrev  0x00002f35      0x2b3 ./Drivers/STM32F4xx_HAL_Driver/stm32f4xx_ll_usb.o

.debug_aranges  0x00000000     0x1158
 .debug_aranges
                0x00000000      0x150 ./Core/Inc/stm32-hal-mcp2515/mcp2515.o
 .debug_aranges
                0x00000150       0x20 ./Core/Src/dma.o
 .debug_aranges
                0x00000170       0x28 ./Core/Src/gpio.o
 .debug_aranges
                0x00000198       0x30 ./Core/Src/main.o
 .debug_aranges
                0x000001c8       0x40 ./Core/Src/mcp2515user.o
 .debug_aranges
                0x00000208       0x48 ./Core/Src/shiftLights.o
 .debug_aranges
                0x00000250       0x38 ./Core/Src/spi.o
 .debug_aranges
                0x00000288       0x20 ./Core/Src/stm32f4xx_hal_msp.o
 .debug_aranges
                0x000002a8       0x78 ./Core/Src/stm32f4xx_it.o
 .debug_aranges
                0x00000320       0x28 ./Core/Src/system_stm32f4xx.o
 .debug_aranges
                0x00000348       0x38 ./Core/Src/tim.o
 .debug_aranges
                0x00000380       0x30 ./Core/Src/usb_otg.o
 .debug_aranges
                0x000003b0       0x28 ./Core/Startup/startup_stm32f401ccux.o
 .debug_aranges
                0x000003d8       0xf0 ./Drivers/STM32F4xx_HAL_Driver/stm32f4xx_hal.o
 .debug_aranges
                0x000004c8      0x130 ./Drivers/STM32F4xx_HAL_Driver/stm32f4xx_hal_cortex.o
 .debug_aranges
                0x000005f8       0x90 ./Drivers/STM32F4xx_HAL_Driver/stm32f4xx_hal_dma.o
 .debug_aranges
                0x00000688       0x58 ./Drivers/STM32F4xx_HAL_Driver/stm32f4xx_hal_gpio.o
 .debug_aranges
                0x000006e0      0x148 ./Drivers/STM32F4xx_HAL_Driver/stm32f4xx_hal_pcd.o
 .debug_aranges
                0x00000828       0x88 ./Drivers/STM32F4xx_HAL_Driver/stm32f4xx_hal_rcc.o
 .debug_aranges
                0x000008b0      0x1d0 ./Drivers/STM32F4xx_HAL_Driver/stm32f4xx_hal_spi.o
 .debug_aranges
                0x00000a80      0x3d0 ./Drivers/STM32F4xx_HAL_Driver/stm32f4xx_hal_tim.o
 .debug_aranges
                0x00000e50      0x168 ./Drivers/STM32F4xx_HAL_Driver/stm32f4xx_hal_tim_ex.o
 .debug_aranges
                0x00000fb8      0x1a0 ./Drivers/STM32F4xx_HAL_Driver/stm32f4xx_ll_usb.o

.debug_rnglists
                0x00000000      0xd52
 .debug_rnglists
                0x00000000      0x10a ./Core/Inc/stm32-hal-mcp2515/mcp2515.o
 .debug_rnglists
                0x0000010a       0x13 ./Core/Src/dma.o
 .debug_rnglists
                0x0000011d       0x1a ./Core/Src/gpio.o
 .debug_rnglists
                0x00000137       0x21 ./Core/Src/main.o
 .debug_rnglists
                0x00000158       0x2b ./Core/Src/mcp2515user.o
 .debug_rnglists
                0x00000183       0x34 ./Core/Src/shiftLights.o
 .debug_rnglists
                0x000001b7       0x26 ./Core/Src/spi.o
 .debug_rnglists
                0x000001dd       0x13 ./Core/Src/stm32f4xx_hal_msp.o
 .debug_rnglists
                0x000001f0       0x55 ./Core/Src/stm32f4xx_it.o
 .debug_rnglists
                0x00000245       0x1a ./Core/Src/system_stm32f4xx.o
 .debug_rnglists
                0x0000025f       0x27 ./Core/Src/tim.o
 .debug_rnglists
                0x00000286       0x20 ./Core/Src/usb_otg.o
 .debug_rnglists
                0x000002a6       0x19 ./Core/Startup/startup_stm32f401ccux.o
 .debug_rnglists
                0x000002bf       0xaf ./Drivers/STM32F4xx_HAL_Driver/stm32f4xx_hal.o
 .debug_rnglists
                0x0000036e       0xe0 ./Drivers/STM32F4xx_HAL_Driver/stm32f4xx_hal_cortex.o
 .debug_rnglists
                0x0000044e       0x70 ./Drivers/STM32F4xx_HAL_Driver/stm32f4xx_hal_dma.o
 .debug_rnglists
                0x000004be       0x3f ./Drivers/STM32F4xx_HAL_Driver/stm32f4xx_hal_gpio.o
 .debug_rnglists
                0x000004fd       0xfa ./Drivers/STM32F4xx_HAL_Driver/stm32f4xx_hal_pcd.o
 .debug_rnglists
                0x000005f7       0x66 ./Drivers/STM32F4xx_HAL_Driver/stm32f4xx_hal_rcc.o
 .debug_rnglists
                0x0000065d      0x16f ./Drivers/STM32F4xx_HAL_Driver/stm32f4xx_hal_spi.o
 .debug_rnglists
                0x000007cc      0x31a ./Drivers/STM32F4xx_HAL_Driver/stm32f4xx_hal_tim.o
 .debug_rnglists
                0x00000ae6      0x125 ./Drivers/STM32F4xx_HAL_Driver/stm32f4xx_hal_tim_ex.o
 .debug_rnglists
                0x00000c0b      0x147 ./Drivers/STM32F4xx_HAL_Driver/stm32f4xx_ll_usb.o

.debug_macro    0x00000000    0x1a9c0
 .debug_macro   0x00000000      0x343 ./Core/Inc/stm32-hal-mcp2515/mcp2515.o
 .debug_macro   0x00000343      0xb8c ./Core/Inc/stm32-hal-mcp2515/mcp2515.o
 .debug_macro   0x00000ecf      0x2a1 ./Core/Inc/stm32-hal-mcp2515/mcp2515.o
 .debug_macro   0x00001170       0x2e ./Core/Inc/stm32-hal-mcp2515/mcp2515.o
 .debug_macro   0x0000119e       0x28 ./Core/Inc/stm32-hal-mcp2515/mcp2515.o
 .debug_macro   0x000011c6       0x1c ./Core/Inc/stm32-hal-mcp2515/mcp2515.o
 .debug_macro   0x000011e2       0x22 ./Core/Inc/stm32-hal-mcp2515/mcp2515.o
 .debug_macro   0x00001204       0x8e ./Core/Inc/stm32-hal-mcp2515/mcp2515.o
 .debug_macro   0x00001292       0x51 ./Core/Inc/stm32-hal-mcp2515/mcp2515.o
 .debug_macro   0x000012e3      0x103 ./Core/Inc/stm32-hal-mcp2515/mcp2515.o
 .debug_macro   0x000013e6       0x6a ./Core/Inc/stm32-hal-mcp2515/mcp2515.o
 .debug_macro   0x00001450      0x1df ./Core/Inc/stm32-hal-mcp2515/mcp2515.o
 .debug_macro   0x0000162f       0x1c ./Core/Inc/stm32-hal-mcp2515/mcp2515.o
 .debug_macro   0x0000164b       0x22 ./Core/Inc/stm32-hal-mcp2515/mcp2515.o
 .debug_macro   0x0000166d       0xfb ./Core/Inc/stm32-hal-mcp2515/mcp2515.o
 .debug_macro   0x00001768     0x1011 ./Core/Inc/stm32-hal-mcp2515/mcp2515.o
 .debug_macro   0x00002779      0x11f ./Core/Inc/stm32-hal-mcp2515/mcp2515.o
 .debug_macro   0x00002898     0xb86c ./Core/Inc/stm32-hal-mcp2515/mcp2515.o
 .debug_macro   0x0000e104       0x6d ./Core/Inc/stm32-hal-mcp2515/mcp2515.o
 .debug_macro   0x0000e171     0x369a ./Core/Inc/stm32-hal-mcp2515/mcp2515.o
 .debug_macro   0x0001180b      0x190 ./Core/Inc/stm32-hal-mcp2515/mcp2515.o
 .debug_macro   0x0001199b       0x5c ./Core/Inc/stm32-hal-mcp2515/mcp2515.o
 .debug_macro   0x000119f7      0x416 ./Core/Inc/stm32-hal-mcp2515/mcp2515.o
 .debug_macro   0x00011e0d      0x9e9 ./Core/Inc/stm32-hal-mcp2515/mcp2515.o
 .debug_macro   0x000127f6      0x115 ./Core/Inc/stm32-hal-mcp2515/mcp2515.o
 .debug_macro   0x0001290b       0xf8 ./Core/Inc/stm32-hal-mcp2515/mcp2515.o
 .debug_macro   0x00012a03       0xa5 ./Core/Inc/stm32-hal-mcp2515/mcp2515.o
 .debug_macro   0x00012aa8      0x15f ./Core/Inc/stm32-hal-mcp2515/mcp2515.o
 .debug_macro   0x00012c07      0x287 ./Core/Inc/stm32-hal-mcp2515/mcp2515.o
 .debug_macro   0x00012e8e       0x5f ./Core/Inc/stm32-hal-mcp2515/mcp2515.o
 .debug_macro   0x00012eed      0x236 ./Core/Inc/stm32-hal-mcp2515/mcp2515.o
 .debug_macro   0x00013123      0x132 ./Core/Inc/stm32-hal-mcp2515/mcp2515.o
 .debug_macro   0x00013255      0x23a ./Core/Inc/stm32-hal-mcp2515/mcp2515.o
 .debug_macro   0x0001348f       0x2e ./Core/Inc/stm32-hal-mcp2515/mcp2515.o
 .debug_macro   0x000134bd      0x127 ./Core/Inc/stm32-hal-mcp2515/mcp2515.o
 .debug_macro   0x000135e4       0x85 ./Core/Inc/stm32-hal-mcp2515/mcp2515.o
 .debug_macro   0x00013669       0x89 ./Core/Inc/stm32-hal-mcp2515/mcp2515.o
 .debug_macro   0x000136f2      0x225 ./Core/Inc/stm32-hal-mcp2515/mcp2515.o
 .debug_macro   0x00013917      0x8ed ./Core/Inc/stm32-hal-mcp2515/mcp2515.o
 .debug_macro   0x00014204       0x47 ./Core/Inc/stm32-hal-mcp2515/mcp2515.o
 .debug_macro   0x0001424b      0x293 ./Core/Inc/stm32-hal-mcp2515/mcp2515.o
 .debug_macro   0x000144de       0xba ./Core/Inc/stm32-hal-mcp2515/mcp2515.o
 .debug_macro   0x00014598      0x126 ./Core/Inc/stm32-hal-mcp2515/mcp2515.o
 .debug_macro   0x000146be       0x16 ./Core/Inc/stm32-hal-mcp2515/mcp2515.o
 .debug_macro   0x000146d4       0x61 ./Core/Inc/stm32-hal-mcp2515/mcp2515.o
 .debug_macro   0x00014735       0x2a ./Core/Inc/stm32-hal-mcp2515/mcp2515.o
 .debug_macro   0x0001475f       0x43 ./Core/Inc/stm32-hal-mcp2515/mcp2515.o
 .debug_macro   0x000147a2       0x34 ./Core/Inc/stm32-hal-mcp2515/mcp2515.o
 .debug_macro   0x000147d6       0x16 ./Core/Inc/stm32-hal-mcp2515/mcp2515.o
 .debug_macro   0x000147ec       0x35 ./Core/Inc/stm32-hal-mcp2515/mcp2515.o
 .debug_macro   0x00014821      0x38c ./Core/Inc/stm32-hal-mcp2515/mcp2515.o
 .debug_macro   0x00014bad       0x10 ./Core/Inc/stm32-hal-mcp2515/mcp2515.o
 .debug_macro   0x00014bbd       0x16 ./Core/Inc/stm32-hal-mcp2515/mcp2515.o
 .debug_macro   0x00014bd3       0x43 ./Core/Inc/stm32-hal-mcp2515/mcp2515.o
 .debug_macro   0x00014c16       0x34 ./Core/Inc/stm32-hal-mcp2515/mcp2515.o
 .debug_macro   0x00014c4a       0x10 ./Core/Inc/stm32-hal-mcp2515/mcp2515.o
 .debug_macro   0x00014c5a       0x58 ./Core/Inc/stm32-hal-mcp2515/mcp2515.o
 .debug_macro   0x00014cb2       0x8e ./Core/Inc/stm32-hal-mcp2515/mcp2515.o
 .debug_macro   0x00014d40       0x16 ./Core/Inc/stm32-hal-mcp2515/mcp2515.o
 .debug_macro   0x00014d56      0x177 ./Core/Inc/stm32-hal-mcp2515/mcp2515.o
 .debug_macro   0x00014ecd       0x16 ./Core/Inc/stm32-hal-mcp2515/mcp2515.o
 .debug_macro   0x00014ee3       0x16 ./Core/Inc/stm32-hal-mcp2515/mcp2515.o
 .debug_macro   0x00014ef9      0x138 ./Core/Inc/stm32-hal-mcp2515/mcp2515.o
 .debug_macro   0x00015031       0x52 ./Core/Inc/stm32-hal-mcp2515/mcp2515.o
 .debug_macro   0x00015083       0x46 ./Core/Inc/stm32-hal-mcp2515/mcp2515.o
 .debug_macro   0x000150c9      0x2e6 ./Core/Inc/stm32-hal-mcp2515/mcp2515.o
 .debug_macro   0x000153af       0x16 ./Core/Inc/stm32-hal-mcp2515/mcp2515.o
 .debug_macro   0x000153c5       0x20 ./Core/Inc/stm32-hal-mcp2515/mcp2515.o
 .debug_macro   0x000153e5      0x2f6 ./Core/Src/dma.o
 .debug_macro   0x000156db      0xab4 ./Core/Src/dma.o
 .debug_macro   0x0001618f     0x1011 ./Core/Src/dma.o
 .debug_macro   0x000171a0      0x189 ./Core/Src/dma.o
 .debug_macro   0x00017329       0x34 ./Core/Src/dma.o
 .debug_macro   0x0001735d       0x35 ./Core/Src/dma.o
 .debug_macro   0x00017392      0x369 ./Core/Src/dma.o
 .debug_macro   0x000176fb       0x43 ./Core/Src/dma.o
 .debug_macro   0x0001773e       0x1c ./Core/Src/dma.o
 .debug_macro   0x0001775a      0x146 ./Core/Src/dma.o
 .debug_macro   0x000178a0      0x2fe ./Core/Src/gpio.o
 .debug_macro   0x00017b9e      0x331 ./Core/Src/main.o
 .debug_macro   0x00017ecf      0x32f ./Core/Src/mcp2515user.o
 .debug_macro   0x000181fe      0x2ec ./Core/Src/shiftLights.o
 .debug_macro   0x000184ea      0x2f6 ./Core/Src/spi.o
 .debug_macro   0x000187e0      0x2ec ./Core/Src/stm32f4xx_hal_msp.o
 .debug_macro   0x00018acc      0x2f6 ./Core/Src/stm32f4xx_it.o
 .debug_macro   0x00018dc2      0x1f2 ./Core/Src/system_stm32f4xx.o
 .debug_macro   0x00018fb4      0x2f6 ./Core/Src/tim.o
 .debug_macro   0x000192aa      0x2f6 ./Core/Src/usb_otg.o
 .debug_macro   0x000195a0      0x252 ./Drivers/STM32F4xx_HAL_Driver/stm32f4xx_hal.o
 .debug_macro   0x000197f2      0x1f2 ./Drivers/STM32F4xx_HAL_Driver/stm32f4xx_hal_cortex.o
 .debug_macro   0x000199e4      0x1f8 ./Drivers/STM32F4xx_HAL_Driver/stm32f4xx_hal_dma.o
 .debug_macro   0x00019bdc      0x1f8 ./Drivers/STM32F4xx_HAL_Driver/stm32f4xx_hal_gpio.o
 .debug_macro   0x00019dd4      0x1fe ./Drivers/STM32F4xx_HAL_Driver/stm32f4xx_hal_pcd.o
 .debug_macro   0x00019fd2      0x216 ./Drivers/STM32F4xx_HAL_Driver/stm32f4xx_hal_rcc.o
 .debug_macro   0x0001a1e8      0x201 ./Drivers/STM32F4xx_HAL_Driver/stm32f4xx_hal_spi.o
 .debug_macro   0x0001a3e9      0x1f3 ./Drivers/STM32F4xx_HAL_Driver/stm32f4xx_hal_tim.o
 .debug_macro   0x0001a5dc      0x1f2 ./Drivers/STM32F4xx_HAL_Driver/stm32f4xx_hal_tim_ex.o
 .debug_macro   0x0001a7ce      0x1f2 ./Drivers/STM32F4xx_HAL_Driver/stm32f4xx_ll_usb.o

.debug_line     0x00000000    0x173f0
 .debug_line    0x00000000     0x12f0 ./Core/Inc/stm32-hal-mcp2515/mcp2515.o
 .debug_line    0x000012f0      0x9ce ./Core/Src/dma.o
 .debug_line    0x00001cbe      0xa1f ./Core/Src/gpio.o
 .debug_line    0x000026dd      0xad5 ./Core/Src/main.o
 .debug_line    0x000031b2      0xa97 ./Core/Src/mcp2515user.o
 .debug_line    0x00003c49      0xc1f ./Core/Src/shiftLights.o
 .debug_line    0x00004868      0xaba ./Core/Src/spi.o
 .debug_line    0x00005322      0x9d2 ./Core/Src/stm32f4xx_hal_msp.o
 .debug_line    0x00005cf4      0xadf ./Core/Src/stm32f4xx_it.o
 .debug_line    0x000067d3      0x8f5 ./Core/Src/system_stm32f4xx.o
 .debug_line    0x000070c8      0xab5 ./Core/Src/tim.o
 .debug_line    0x00007b7d      0xa43 ./Core/Src/usb_otg.o
 .debug_line    0x000085c0       0x7a ./Core/Startup/startup_stm32f401ccux.o
 .debug_line    0x0000863a      0xb97 ./Drivers/STM32F4xx_HAL_Driver/stm32f4xx_hal.o
 .debug_line    0x000091d1      0xe89 ./Drivers/STM32F4xx_HAL_Driver/stm32f4xx_hal_cortex.o
 .debug_line    0x0000a05a     0x1107 ./Drivers/STM32F4xx_HAL_Driver/stm32f4xx_hal_dma.o
 .debug_line    0x0000b161      0xce7 ./Drivers/STM32F4xx_HAL_Driver/stm32f4xx_hal_gpio.o
 .debug_line    0x0000be48     0x1680 ./Drivers/STM32F4xx_HAL_Driver/stm32f4xx_hal_pcd.o
 .debug_line    0x0000d4c8      0xf20 ./Drivers/STM32F4xx_HAL_Driver/stm32f4xx_hal_rcc.o
 .debug_line    0x0000e3e8     0x1eb5 ./Drivers/STM32F4xx_HAL_Driver/stm32f4xx_hal_spi.o
 .debug_line    0x0001029d     0x3715 ./Drivers/STM32F4xx_HAL_Driver/stm32f4xx_hal_tim.o
 .debug_line    0x000139b2     0x1b28 ./Drivers/STM32F4xx_HAL_Driver/stm32f4xx_hal_tim_ex.o
 .debug_line    0x000154da     0x1f16 ./Drivers/STM32F4xx_HAL_Driver/stm32f4xx_ll_usb.o

.debug_str      0x00000000    0x91e2d
 .debug_str     0x00000000    0x8d170 ./Core/Inc/stm32-hal-mcp2515/mcp2515.o
                              0x8d594 (size before relaxing)
 .debug_str     0x0008d170      0x7fb ./Core/Src/dma.o
                              0x8aaa9 (size before relaxing)
 .debug_str     0x0008d96b       0x8a ./Core/Src/gpio.o
                              0x8ab97 (size before relaxing)
 .debug_str     0x0008d9f5      0x4ad ./Core/Src/main.o
                              0x8aff3 (size before relaxing)
 .debug_str     0x0008dea2       0xb1 ./Core/Src/mcp2515user.o
                              0x8d13d (size before relaxing)
 .debug_str     0x0008df53       0xd8 ./Core/Src/shiftLights.o
                              0x8ac3f (size before relaxing)
 .debug_str     0x0008e02b       0x61 ./Core/Src/spi.o
                              0x8ac58 (size before relaxing)
 .debug_str     0x0008e08c       0x2c ./Core/Src/stm32f4xx_hal_msp.o
                              0x8a6ee (size before relaxing)
 .debug_str     0x0008e0b8      0x143 ./Core/Src/stm32f4xx_it.o
                              0x8a950 (size before relaxing)
 .debug_str     0x0008e1fb       0xdb ./Core/Src/system_stm32f4xx.o
                              0x86f30 (size before relaxing)
 .debug_str     0x0008e2d6      0x206 ./Core/Src/tim.o
                              0x8af03 (size before relaxing)
 .debug_str     0x0008e4dc      0x3c7 ./Core/Src/usb_otg.o
                              0x8ac11 (size before relaxing)
 .debug_str     0x0008e8a3       0x44 ./Core/Startup/startup_stm32f401ccux.o
                                 0x85 (size before relaxing)
 .debug_str     0x0008e8e7      0x62b ./Drivers/STM32F4xx_HAL_Driver/stm32f4xx_hal.o
                              0x8798b (size before relaxing)
 .debug_str     0x0008ef12      0x3af ./Drivers/STM32F4xx_HAL_Driver/stm32f4xx_hal_cortex.o
                              0x876f5 (size before relaxing)
 .debug_str     0x0008f2c1      0x31f ./Drivers/STM32F4xx_HAL_Driver/stm32f4xx_hal_dma.o
                              0x87371 (size before relaxing)
 .debug_str     0x0008f5e0      0x12a ./Drivers/STM32F4xx_HAL_Driver/stm32f4xx_hal_gpio.o
                              0x870e4 (size before relaxing)
 .debug_str     0x0008f70a      0x84e ./Drivers/STM32F4xx_HAL_Driver/stm32f4xx_hal_pcd.o
                              0x87a35 (size before relaxing)
 .debug_str     0x0008ff58      0x258 ./Drivers/STM32F4xx_HAL_Driver/stm32f4xx_hal_rcc.o
                              0x8739d (size before relaxing)
 .debug_str     0x000901b0      0x57e ./Drivers/STM32F4xx_HAL_Driver/stm32f4xx_hal_spi.o
                              0x87815 (size before relaxing)
 .debug_str     0x0009072e      0xd4a ./Drivers/STM32F4xx_HAL_Driver/stm32f4xx_hal_tim.o
                              0x882e1 (size before relaxing)
 .debug_str     0x00091478      0x4cc ./Drivers/STM32F4xx_HAL_Driver/stm32f4xx_hal_tim_ex.o
                              0x87aed (size before relaxing)
 .debug_str     0x00091944      0x4e9 ./Drivers/STM32F4xx_HAL_Driver/stm32f4xx_ll_usb.o
                              0x87910 (size before relaxing)

.comment        0x00000000       0x43
 .comment       0x00000000       0x43 ./Core/Inc/stm32-hal-mcp2515/mcp2515.o
                                 0x44 (size before relaxing)
 .comment       0x00000043       0x44 ./Core/Src/dma.o
 .comment       0x00000043       0x44 ./Core/Src/gpio.o
 .comment       0x00000043       0x44 ./Core/Src/main.o
 .comment       0x00000043       0x44 ./Core/Src/mcp2515user.o
 .comment       0x00000043       0x44 ./Core/Src/shiftLights.o
 .comment       0x00000043       0x44 ./Core/Src/spi.o
 .comment       0x00000043       0x44 ./Core/Src/stm32f4xx_hal_msp.o
 .comment       0x00000043       0x44 ./Core/Src/stm32f4xx_it.o
 .comment       0x00000043       0x44 ./Core/Src/system_stm32f4xx.o
 .comment       0x00000043       0x44 ./Core/Src/tim.o
 .comment       0x00000043       0x44 ./Core/Src/usb_otg.o
 .comment       0x00000043       0x44 ./Drivers/STM32F4xx_HAL_Driver/stm32f4xx_hal.o
 .comment       0x00000043       0x44 ./Drivers/STM32F4xx_HAL_Driver/stm32f4xx_hal_cortex.o
 .comment       0x00000043       0x44 ./Drivers/STM32F4xx_HAL_Driver/stm32f4xx_hal_dma.o
 .comment       0x00000043       0x44 ./Drivers/STM32F4xx_HAL_Driver/stm32f4xx_hal_gpio.o
 .comment       0x00000043       0x44 ./Drivers/STM32F4xx_HAL_Driver/stm32f4xx_hal_pcd.o
 .comment       0x00000043       0x44 ./Drivers/STM32F4xx_HAL_Driver/stm32f4xx_hal_rcc.o
 .comment       0x00000043       0x44 ./Drivers/STM32F4xx_HAL_Driver/stm32f4xx_hal_spi.o
 .comment       0x00000043       0x44 ./Drivers/STM32F4xx_HAL_Driver/stm32f4xx_hal_tim.o
 .comment       0x00000043       0x44 ./Drivers/STM32F4xx_HAL_Driver/stm32f4xx_hal_tim_ex.o
 .comment       0x00000043       0x44 ./Drivers/STM32F4xx_HAL_Driver/stm32f4xx_ll_usb.o

.debug_frame    0x00000000     0x4808
 .debug_frame   0x00000000      0x598 ./Core/Inc/stm32-hal-mcp2515/mcp2515.o
 .debug_frame   0x00000598       0x34 ./Core/Src/dma.o
 .debug_frame   0x000005cc       0x5c ./Core/Src/gpio.o
 .debug_frame   0x00000628       0x6c ./Core/Src/main.o
 .debug_frame   0x00000694       0xb4 ./Core/Src/mcp2515user.o
 .debug_frame   0x00000748       0xec ./Core/Src/shiftLights.o
 .debug_frame   0x00000834       0x90 ./Core/Src/spi.o
 .debug_frame   0x000008c4       0x38 ./Core/Src/stm32f4xx_hal_msp.o
 .debug_frame   0x000008fc      0x158 ./Core/Src/stm32f4xx_it.o
 .debug_frame   0x00000a54       0x58 ./Core/Src/system_stm32f4xx.o
 .debug_frame   0x00000aac       0xa0 ./Core/Src/tim.o
 .debug_frame   0x00000b4c       0x74 ./Core/Src/usb_otg.o
 .debug_frame   0x00000bc0      0x374 ./Drivers/STM32F4xx_HAL_Driver/stm32f4xx_hal.o
 .debug_frame   0x00000f34      0x508 ./Drivers/STM32F4xx_HAL_Driver/stm32f4xx_hal_cortex.o
 .debug_frame   0x0000143c      0x250 ./Drivers/STM32F4xx_HAL_Driver/stm32f4xx_hal_dma.o
 .debug_frame   0x0000168c      0x14c ./Drivers/STM32F4xx_HAL_Driver/stm32f4xx_hal_gpio.o
 .debug_frame   0x000017d8      0x5b8 ./Drivers/STM32F4xx_HAL_Driver/stm32f4xx_hal_pcd.o
 .debug_frame   0x00001d90      0x1f4 ./Drivers/STM32F4xx_HAL_Driver/stm32f4xx_hal_rcc.o
 .debug_frame   0x00001f84      0x828 ./Drivers/STM32F4xx_HAL_Driver/stm32f4xx_hal_spi.o
 .debug_frame   0x000027ac     0x11b8 ./Drivers/STM32F4xx_HAL_Driver/stm32f4xx_hal_tim.o
 .debug_frame   0x00003964      0x638 ./Drivers/STM32F4xx_HAL_Driver/stm32f4xx_hal_tim_ex.o
 .debug_frame   0x00003f9c      0x7c0 ./Drivers/STM32F4xx_HAL_Driver/stm32f4xx_ll_usb.o
 .debug_frame   0x0000475c       0x20 C:/ST/STM32CubeIDE_1.17.0/STM32CubeIDE/plugins/com.st.stm32cube.ide.mcu.externaltools.gnu-tools-for-stm32.12.3.rel1.win32_1.1.0.202410251130/tools/bin/../lib/gcc/arm-none-eabi/12.3.1/../../../../arm-none-eabi/lib/thumb/v7e-m+fp/hard\libc_nano.a(libc_a-memset.o)
 .debug_frame   0x0000477c       0x2c C:/ST/STM32CubeIDE_1.17.0/STM32CubeIDE/plugins/com.st.stm32cube.ide.mcu.externaltools.gnu-tools-for-stm32.12.3.rel1.win32_1.1.0.202410251130/tools/bin/../lib/gcc/arm-none-eabi/12.3.1/../../../../arm-none-eabi/lib/thumb/v7e-m+fp/hard\libc_nano.a(libc_a-init.o)
 .debug_frame   0x000047a8       0x2c C:/ST/STM32CubeIDE_1.17.0/STM32CubeIDE/plugins/com.st.stm32cube.ide.mcu.externaltools.gnu-tools-for-stm32.12.3.rel1.win32_1.1.0.202410251130/tools/bin/../lib/gcc/arm-none-eabi/12.3.1/thumb/v7e-m+fp/hard\libgcc.a(_aeabi_uldivmod.o)
 .debug_frame   0x000047d4       0x34 C:/ST/STM32CubeIDE_1.17.0/STM32CubeIDE/plugins/com.st.stm32cube.ide.mcu.externaltools.gnu-tools-for-stm32.12.3.rel1.win32_1.1.0.202410251130/tools/bin/../lib/gcc/arm-none-eabi/12.3.1/thumb/v7e-m+fp/hard\libgcc.a(_udivmoddi4.o)

.debug_line_str
                0x00000000       0x69
 .debug_line_str
                0x00000000       0x69 ./Core/Startup/startup_stm32f401ccux.o
